{
  "scope": "Actual canonical test compiler and scoped new-file quality, working tree only",
  "quarantine_limitation": "type-correctness (tests): 362 file(s) with 1542 error(s); 362 quarantined.\n\u2705 No type errors outside the quarantine, and no stale quarantine entries.\n",
  "quarantine_changed": false,
  "commands": [
    {
      "receipt": {
        "label": "type-followup-tests-typecheck",
        "argv": [
          "/tmp/lisa-runtime-4326-independent/runtime/node-v22.23.3-darwin-arm64/bin/node",
          "scripts/check-typecheck-tests.mjs"
        ],
        "cwd": "/tmp/lisa-4326-implementation",
        "started_at": "2026-10-03T14:06:27.887135+00:00",
        "timeout_seconds": 900,
        "auth_source": "not requested",
        "pid": 52522,
        "actual_exit": 0,
        "ended_at": "2026-10-03T14:06:36.254403+00:00",
        "wall_seconds": 8.367,
        "log_sha256": "dcc7bfe13efb7b860377a1e4ff156455845c60b7d4467e46e227dfaf8a5b5617"
      },
      "output": "type-correctness (tests): 362 file(s) with 1542 error(s); 362 quarantined.\n\u2705 No type errors outside the quarantine, and no stale quarantine entries.\n"
    },
    {
      "receipt": {
        "label": "type-followup-fast-lint",
        "argv": [
          "node_modules/.bin/eslint",
          "tests/unit/config/forced-http-security-floors.test.ts",
          "--quiet"
        ],
        "cwd": "/tmp/lisa-4326-implementation",
        "started_at": "2026-10-03T14:06:39.685637+00:00",
        "timeout_seconds": 900,
        "auth_source": "not requested",
        "pid": 52583,
        "actual_exit": 0,
        "ended_at": "2026-10-03T14:06:43.389580+00:00",
        "wall_seconds": 3.704,
        "log_sha256": "e3b0c44298fc1c149afbf4c8996fb92427ae41e4649b934ca495991b7852b855"
      },
      "output": ""
    },
    {
      "receipt": {
        "label": "type-followup-oxlint",
        "argv": [
          "node_modules/.bin/oxlint",
          "tests/unit/config/forced-http-security-floors.test.ts",
          "--disable-nested-config"
        ],
        "cwd": "/tmp/lisa-4326-implementation",
        "started_at": "2026-10-03T14:06:43.410984+00:00",
        "timeout_seconds": 900,
        "auth_source": "not requested",
        "pid": 52598,
        "actual_exit": 0,
        "ended_at": "2026-10-03T14:06:43.533752+00:00",
        "wall_seconds": 0.123,
        "log_sha256": "3e3626f62c7daf89ef62407d5e3b33088b7d358e318c83cea2795d8fdb8a244f"
      },
      "output": "Found 0 warnings and 0 errors.\nFinished in 23ms on 1 file with 110 rules using 18 threads.\n"
    },
    {
      "receipt": {
        "label": "type-followup-slow-lint",
        "argv": [
          "node_modules/.bin/eslint",
          "tests/unit/config/forced-http-security-floors.test.ts",
          "--config",
          "eslint.slow.config.ts",
          "--quiet"
        ],
        "cwd": "/tmp/lisa-4326-implementation",
        "started_at": "2026-10-03T14:06:43.554821+00:00",
        "timeout_seconds": 900,
        "auth_source": "not requested",
        "pid": 52600,
        "actual_exit": 0,
        "ended_at": "2026-10-03T14:06:47.125312+00:00",
        "wall_seconds": 3.57,
        "log_sha256": "e3b0c44298fc1c149afbf4c8996fb92427ae41e4649b934ca495991b7852b855"
      },
      "output": ""
    },
    {
      "receipt": {
        "label": "type-followup-format",
        "argv": [
          "node_modules/.bin/prettier",
          "--check",
          "tests/unit/config/forced-http-security-floors.test.ts"
        ],
        "cwd": "/tmp/lisa-4326-implementation",
        "started_at": "2026-10-03T14:06:47.145399+00:00",
        "timeout_seconds": 900,
        "auth_source": "not requested",
        "pid": 52607,
        "actual_exit": 0,
        "ended_at": "2026-10-03T14:06:47.269495+00:00",
        "wall_seconds": 0.124,
        "log_sha256": "17aa973d3f004560237d9a95171210b0671deff23d61628eecf7322ff5938f20"
      },
      "output": "Checking formatting...\nAll matched files use Prettier code style!\n"
    }
  ]
}
